// Jest Snapshot v1, https://goo.gl/fbAQLP

exports[`a pagina de configuracao deve ser renderizada corretamente 1`] = `
<div>
  <div
    class="sc-bczRLJ jAiKgg"
  >
    <section>
      <h2>
        Vamos começar!
      </h2>
      <form>
        <div
          class="sc-gsnTZi ioSZGc"
        >
          <input
            class="sc-dkzDqf rjQpV"
            placeholder="Insira os nomes dos participantes"
            type="text"
            value=""
          />
          <button
            class="sc-hKMtZM gPbEiq"
            disabled=""
          >
            Adicionar
          </button>
        </div>
        
      </form>
      <ul />
      <footer
        class="sc-jSMfEi gfNvPW"
      >
        <button
          class="sc-gKXOVf Sfcje"
          disabled=""
        >
          Iniciar brincadeira
        </button>
        <img
          alt="Sacolas de compras"
          class="sc-iBkjds gUwjft"
          src="/imagens/sacolas.png"
        />
      </footer>
    </section>
  </div>
</div>
`;
